// Jest Snapshot v1, https://goo.gl/fbAQLP

exports[`Renders component correctly 1`] = `
ShallowWrapper {
  "length": 1,
  Symbol(enzyme.__root__): [Circular],
  Symbol(enzyme.__unrendered__): <MessageItem
    avatarImageURL="http://dummyimage.com/mediumrectangle/222222/eeeeee"
    email="mr.smith@gmail.com"
    imageAltText="Mr. Smith"
    lastMessage="Howdy!"
    onClick={[Function]}
    recipientName="Mr. Smith"
/>,
  Symbol(enzyme.__renderer__): Object {
    "batchedUpdates": [Function],
    "getNode": [Function],
    "render": [Function],
    "simulateEvent": [Function],
    "unmount": [Function],
  },
  Symbol(enzyme.__node__): Object {
    "instance": null,
    "key": undefined,
    "nodeType": "host",
    "props": Object {
      "children": Array [
        <div
          className="inner"
>
          <div
                    className="avatar"
          >
                    <Avatar
                              imageAltText="Mr. Smith"
                              imageURL="http://dummyimage.com/mediumrectangle/222222/eeeeee"
                    />
          </div>
          <div
                    className="details"
          >
                    <Heading6
                              labelText="Mr. Smith"
                    />
                    <Paragraph
                              color=""
                              label="Howdy!"
                              size="small"
                    />
          </div>
</div>,
        <button
          onClick={[Function]}
/>,
      ],
      "className": "container",
    },
    "ref": null,
    "rendered": Array [
      Object {
        "instance": null,
        "key": undefined,
        "nodeType": "host",
        "props": Object {
          "children": Array [
            <div
              className="avatar"
>
              <Avatar
                            imageAltText="Mr. Smith"
                            imageURL="http://dummyimage.com/mediumrectangle/222222/eeeeee"
              />
</div>,
            <div
              className="details"
>
              <Heading6
                            labelText="Mr. Smith"
              />
              <Paragraph
                            color=""
                            label="Howdy!"
                            size="small"
              />
</div>,
          ],
          "className": "inner",
        },
        "ref": null,
        "rendered": Array [
          Object {
            "instance": null,
            "key": undefined,
            "nodeType": "host",
            "props": Object {
              "children": <Avatar
                imageAltText="Mr. Smith"
                imageURL="http://dummyimage.com/mediumrectangle/222222/eeeeee"
/>,
              "className": "avatar",
            },
            "ref": null,
            "rendered": Object {
              "instance": null,
              "key": undefined,
              "nodeType": "function",
              "props": Object {
                "imageAltText": "Mr. Smith",
                "imageURL": "http://dummyimage.com/mediumrectangle/222222/eeeeee",
              },
              "ref": null,
              "rendered": null,
              "type": [Function],
            },
            "type": "div",
          },
          Object {
            "instance": null,
            "key": undefined,
            "nodeType": "host",
            "props": Object {
              "children": Array [
                <Heading6
                  labelText="Mr. Smith"
/>,
                <Paragraph
                  color=""
                  label="Howdy!"
                  size="small"
/>,
              ],
              "className": "details",
            },
            "ref": null,
            "rendered": Array [
              Object {
                "instance": null,
                "key": undefined,
                "nodeType": "function",
                "props": Object {
                  "labelText": "Mr. Smith",
                },
                "ref": null,
                "rendered": null,
                "type": [Function],
              },
              Object {
                "instance": null,
                "key": undefined,
                "nodeType": "function",
                "props": Object {
                  "color": "",
                  "label": "Howdy!",
                  "size": "small",
                },
                "ref": null,
                "rendered": null,
                "type": [Function],
              },
            ],
            "type": "div",
          },
        ],
        "type": "div",
      },
      Object {
        "instance": null,
        "key": undefined,
        "nodeType": "host",
        "props": Object {
          "onClick": [Function],
        },
        "ref": null,
        "rendered": null,
        "type": "button",
      },
    ],
    "type": "div",
  },
  Symbol(enzyme.__nodes__): Array [
    Object {
      "instance": null,
      "key": undefined,
      "nodeType": "host",
      "props": Object {
        "children": Array [
          <div
            className="inner"
>
            <div
                        className="avatar"
            >
                        <Avatar
                                    imageAltText="Mr. Smith"
                                    imageURL="http://dummyimage.com/mediumrectangle/222222/eeeeee"
                        />
            </div>
            <div
                        className="details"
            >
                        <Heading6
                                    labelText="Mr. Smith"
                        />
                        <Paragraph
                                    color=""
                                    label="Howdy!"
                                    size="small"
                        />
            </div>
</div>,
          <button
            onClick={[Function]}
/>,
        ],
        "className": "container",
      },
      "ref": null,
      "rendered": Array [
        Object {
          "instance": null,
          "key": undefined,
          "nodeType": "host",
          "props": Object {
            "children": Array [
              <div
                className="avatar"
>
                <Avatar
                                imageAltText="Mr. Smith"
                                imageURL="http://dummyimage.com/mediumrectangle/222222/eeeeee"
                />
</div>,
              <div
                className="details"
>
                <Heading6
                                labelText="Mr. Smith"
                />
                <Paragraph
                                color=""
                                label="Howdy!"
                                size="small"
                />
</div>,
            ],
            "className": "inner",
          },
          "ref": null,
          "rendered": Array [
            Object {
              "instance": null,
              "key": undefined,
              "nodeType": "host",
              "props": Object {
                "children": <Avatar
                  imageAltText="Mr. Smith"
                  imageURL="http://dummyimage.com/mediumrectangle/222222/eeeeee"
/>,
                "className": "avatar",
              },
              "ref": null,
              "rendered": Object {
                "instance": null,
                "key": undefined,
                "nodeType": "function",
                "props": Object {
                  "imageAltText": "Mr. Smith",
                  "imageURL": "http://dummyimage.com/mediumrectangle/222222/eeeeee",
                },
                "ref": null,
                "rendered": null,
                "type": [Function],
              },
              "type": "div",
            },
            Object {
              "instance": null,
              "key": undefined,
              "nodeType": "host",
              "props": Object {
                "children": Array [
                  <Heading6
                    labelText="Mr. Smith"
/>,
                  <Paragraph
                    color=""
                    label="Howdy!"
                    size="small"
/>,
                ],
                "className": "details",
              },
              "ref": null,
              "rendered": Array [
                Object {
                  "instance": null,
                  "key": undefined,
                  "nodeType": "function",
                  "props": Object {
                    "labelText": "Mr. Smith",
                  },
                  "ref": null,
                  "rendered": null,
                  "type": [Function],
                },
                Object {
                  "instance": null,
                  "key": undefined,
                  "nodeType": "function",
                  "props": Object {
                    "color": "",
                    "label": "Howdy!",
                    "size": "small",
                  },
                  "ref": null,
                  "rendered": null,
                  "type": [Function],
                },
              ],
              "type": "div",
            },
          ],
          "type": "div",
        },
        Object {
          "instance": null,
          "key": undefined,
          "nodeType": "host",
          "props": Object {
            "onClick": [Function],
          },
          "ref": null,
          "rendered": null,
          "type": "button",
        },
      ],
      "type": "div",
    },
  ],
  Symbol(enzyme.__options__): Object {
    "adapter": ReactSixteenAdapter {
      "options": Object {
        "enableComponentDidUpdateOnSetState": true,
      },
    },
  },
}
`;
