// Jest Snapshot v1, https://goo.gl/fbAQLP

exports[`renders correctly 1`] = `
<div
  className="container"
  id="unique id"
>
  <label
    className="label"
    htmlFor="unique id"
  >
    test table
    <input
      className="input"
      name="unique id"
      onChange={[Function]}
      placeholder=""
      value=""
    />
  </label>
</div>
`;
