// Jest Snapshot v1, https://goo.gl/fbAQLP

exports[`renders correctly 1`] = `
<div
  className="container"
>
  <div
    className="avatar"
  >
    <div
      className="container"
    >
      <img
        src="http://dummyimage.com/mediumrectangle/222222/eeeeee"
      />
    </div>
  </div>
  <div
    className="details"
  >
    <h6
      className="default"
    >
      John Doe
    </h6>
    <p
      className="small "
    >
      it has been a while
    </p>
  </div>
</div>
`;
