// Jest Snapshot v1, https://goo.gl/fbAQLP

exports[`renders correctly 1`] = `
<div
  className="container"
>
  <div
    className="container"
  >
    <div
      className="avatar"
    >
      <div
        className="container"
      >
        <img
          src="http://dummyimage.com/mediumrectangle/111111/eeeeee"
        />
      </div>
    </div>
    <div
      className="details"
    >
      <h6
        className="default"
      >
        John Smith
      </h6>
      <p
        className="small "
      >
        Where have you been?
      </p>
    </div>
  </div>
</div>
`;
